
Discarded input sections

 .group         0x00000000        0x8 binaries/ascdate.o
 .group         0x00000000        0x8 binaries/bufinit.o
 .group         0x00000000        0x8 binaries/chprio.o
 .group         0x00000000        0x8 binaries/clkhandler.o
 .text.__x86.get_pc_thunk.bx
                0x00000000        0x4 binaries/clkhandler.o
 .group         0x00000000        0x8 binaries/clkinit.o
 .text.__x86.get_pc_thunk.bx
                0x00000000        0x4 binaries/clkinit.o
 .group         0x00000000        0x8 binaries/close.o
 .text.__x86.get_pc_thunk.bx
                0x00000000        0x4 binaries/close.o
 .group         0x00000000        0x8 binaries/control.o
 .text.__x86.get_pc_thunk.bx
                0x00000000        0x4 binaries/control.o
 .group         0x00000000        0x8 binaries/create.o
 .group         0x00000000        0x8 binaries/create.o
 .text.__x86.get_pc_thunk.cx
                0x00000000        0x4 binaries/create.o
 .text.__x86.get_pc_thunk.bx
                0x00000000        0x4 binaries/create.o
 .group         0x00000000        0x8 binaries/evec.o
 .group         0x00000000        0x8 binaries/evec.o
 .text.__x86.get_pc_thunk.ax
                0x00000000        0x4 binaries/evec.o
 .text.__x86.get_pc_thunk.bx
                0x00000000        0x4 binaries/evec.o
 .group         0x00000000        0x8 binaries/exit.o
 .text.__x86.get_pc_thunk.bx
                0x00000000        0x4 binaries/exit.o
 .group         0x00000000        0x8 binaries/freebuf.o
 .text.__x86.get_pc_thunk.bx
                0x00000000        0x4 binaries/freebuf.o
 .group         0x00000000        0x8 binaries/freemem.o
 .text.__x86.get_pc_thunk.bx
                0x00000000        0x4 binaries/freemem.o
 .group         0x00000000        0x8 binaries/getbuf.o
 .text.__x86.get_pc_thunk.bx
                0x00000000        0x4 binaries/getbuf.o
 .group         0x00000000        0x8 binaries/getc.o
 .text.__x86.get_pc_thunk.bx
                0x00000000        0x4 binaries/getc.o
 .group         0x00000000        0x8 binaries/getdev.o
 .text.__x86.get_pc_thunk.bx
                0x00000000        0x4 binaries/getdev.o
 .group         0x00000000        0x8 binaries/getitem.o
 .group         0x00000000        0x8 binaries/getitem.o
 .text.__x86.get_pc_thunk.ax
                0x00000000        0x4 binaries/getitem.o
 .group         0x00000000        0x8 binaries/getmem.o
 .text.__x86.get_pc_thunk.bx
                0x00000000        0x4 binaries/getmem.o
 .group         0x00000000        0x8 binaries/getpid.o
 .text.__x86.get_pc_thunk.ax
                0x00000000        0x4 binaries/getpid.o
 .group         0x00000000        0x8 binaries/getprio.o
 .text.__x86.get_pc_thunk.bx
                0x00000000        0x4 binaries/getprio.o
 .group         0x00000000        0x8 binaries/getstk.o
 .text.__x86.get_pc_thunk.bx
                0x00000000        0x4 binaries/getstk.o
 .group         0x00000000        0x8 binaries/getticks.o
 .text.__x86.get_pc_thunk.ax
                0x00000000        0x4 binaries/getticks.o
 .group         0x00000000        0x8 binaries/gettime.o
 .text.__x86.get_pc_thunk.ax
                0x00000000        0x4 binaries/gettime.o
 .group         0x00000000        0x8 binaries/getutime.o
 .text.__x86.get_pc_thunk.bx
                0x00000000        0x4 binaries/getutime.o
 .group         0x00000000        0x8 binaries/i386.o
 .text.__x86.get_pc_thunk.bx
                0x00000000        0x4 binaries/i386.o
 .group         0x00000000        0x8 binaries/init.o
 .text.__x86.get_pc_thunk.bx
                0x00000000        0x4 binaries/init.o
 .group         0x00000000        0x8 binaries/initialize.o
 .group         0x00000000        0x8 binaries/initialize.o
 .text.__x86.get_pc_thunk.ax
                0x00000000        0x4 binaries/initialize.o
 .text.__x86.get_pc_thunk.bx
                0x00000000        0x4 binaries/initialize.o
 .group         0x00000000        0x8 binaries/insert.o
 .text.__x86.get_pc_thunk.ax
                0x00000000        0x4 binaries/insert.o
 .group         0x00000000        0x8 binaries/insertd.o
 .text.__x86.get_pc_thunk.ax
                0x00000000        0x4 binaries/insertd.o
 .group         0x00000000        0x8 binaries/ioerr.o
 .text.__x86.get_pc_thunk.ax
                0x00000000        0x4 binaries/ioerr.o
 .group         0x00000000        0x8 binaries/ionull.o
 .text.__x86.get_pc_thunk.ax
                0x00000000        0x4 binaries/ionull.o
 .group         0x00000000        0x8 binaries/kill.o
 .text.__x86.get_pc_thunk.bx
                0x00000000        0x4 binaries/kill.o
 .group         0x00000000        0x8 binaries/kprintf.o
 .group         0x00000000        0x8 binaries/kprintf.o
 .text.__x86.get_pc_thunk.ax
                0x00000000        0x4 binaries/kprintf.o
 .text.__x86.get_pc_thunk.bx
                0x00000000        0x4 binaries/kprintf.o
 .group         0x00000000        0x8 binaries/main.o
[...]
Memory Configuration

Name             Origin             Length             Attributes
*default*        0x00000000         0xffffffff

Linker script and memory map

                0x00100000                        physbase = 0x100000
                0x00100000                        . = physbase
                0x00100000                        . = ALIGN (0x1000)

.text           0x00100000    0x1f000
                0x00100000                        text = ABSOLUTE (.)
 *(.text .text.*)
 .text          0x00100000      0x165 binaries/start.o
                0x00100020                entry
                0x0010003d                start
                0x001000a5                inb
                0x001000ad                inw
                0x001000b6                inl
                0x001000be                outb
                0x001000c8                outw
                0x001000d3                outl
                0x001000dd                _rtcin
                0x001000e8                ___udivsi3
                0x001000f3                ___divsi3
                0x001000ff                sbzero
                0x0010010f                bcopy
                0x00100123                insw
                0x00100139                outsw
                0x0010014f                lidt
                0x00100157                jumptocode
                0x0010015e                jumptobootcode
 .text          0x00100165      0x406 binaries/ascdate.o
                0x00100165                ascdate
 .text.__x86.get_pc_thunk.cx
                0x0010056b        0x4 binaries/ascdate.o
                0x0010056b                __x86.get_pc_thunk.cx
 .text          0x0010056f       0x1e binaries/bufinit.o
                0x0010056f                bufinit
 .text.__x86.get_pc_thunk.ax
                0x0010058d        0x4 binaries/bufinit.o
                0x0010058d                __x86.get_pc_thunk.ax
 .text          0x00100591       0xa9 binaries/chprio.o
                0x00100591                chprio
 .text.__x86.get_pc_thunk.bx
                0x0010063a        0x4 binaries/chprio.o
                0x0010063a                __x86.get_pc_thunk.bx
 .text          0x0010063e       0xd7 binaries/clkhandler.o
                0x0010063e                clkhandler
 .text          0x00100715       0x91 binaries/clkinit.o
                0x00100715                clkinit
 .text          0x001007a6       0x88 binaries/close.o
                0x001007a6                close
 .text          0x0010082e        0x0 binaries/conf.o
 .text          0x0010082e       0x8e binaries/control.o
                0x0010082e                control
 .text          0x001008bc      0x2e3 binaries/create.o
                0x001008bc                create
 .text          0x00100b9f      0x3c8 binaries/evec.o
                0x00100b9f                initevec
                0x00100c09                set_evec
                0x00100cc5                trap
 .text          0x00100f67       0x2b binaries/exit.o
                0x00100f67                exit
 .text          0x00100f92       0xa1 binaries/freebuf.o
                0x00100f92                freebuf
 .text          0x00101033      0x197 binaries/freemem.o
                0x00101033                freemem
 .text          0x001011ca       0x9f binaries/getbuf.o
                0x001011ca                getbuf
 .text          0x00101269       0x88 binaries/getc.o
                0x00101269                getc
 .text          0x001012f1       0x88 binaries/getdev.o
                0x001012f1                getdev
 .text          0x00101379      0x115 binaries/getitem.o
                0x00101379                getfirst
                0x001013d1                getlast
                0x0010142b                getitem
 .text.__x86.get_pc_thunk.dx
                0x0010148e        0x4 binaries/getitem.o
                0x0010148e                __x86.get_pc_thunk.dx
 .text          0x00101492      0x134 binaries/getmem.o
                0x00101492                getmem
 .text          0x001015c6       0x17 binaries/getpid.o
                0x001015c6                getpid
 .text          0x001015dd       0x8e binaries/getprio.o
                0x001015dd                getprio
 .text          0x0010166b      0x11b binaries/getstk.o
                0x0010166b                getstk
 .text          0x00101786       0x22 binaries/getticks.o
                0x00101786                getticks
 .text          0x001017a8       0x4c binaries/gettime.o
                0x001017a8                gettime
 .text          0x001017f4      0x21e binaries/getutime.o
                0x001017f4                getutime
 .text          0x00101a12      0x439 binaries/i386.o
                0x00101a12                setsegs
                0x00101b4c                init8259
                0x00101c10                pseg
                0x00101dd8                setirmask
 .text          0x00101e4b       0x88 binaries/init.o
                0x00101e4b                init
 .text          0x00101ed3      0x3c0 binaries/initialize.o
                0x00101ed3                nulluser
                0x0010221f                stop
                0x0010225b                delay
 .text          0x00102293      0x105 binaries/insert.o
                0x00102293                insert
 .text          0x00102398      0x13e binaries/insertd.o
                0x00102398                insertd
 .text          0x001024d6       0x14 binaries/ioerr.o
                0x001024d6                ioerr
 .text          0x001024ea       0x14 binaries/ionull.o
                0x001024ea                ionull
 .text          0x001024fe      0x1c6 binaries/kill.o
                0x001024fe                kill
 .text          0x001026c4      0x1d0 binaries/kprintf.o
                0x001026c4                kputc
                0x0010278e                kgetc
                0x00102856                kprintf
 .text          0x00102894       0xe4 binaries/main.o
                0x00102894                main
 .text          0x00102978      0x150 binaries/mark.o
                0x00102978                markinit
                0x001029af                notmarked
                0x00102a13                mark
 .text          0x00102ac8       0xe8 binaries/meminit.o
                0x00102ac8                meminit
 .text          0x00102bb0      0x17f binaries/mkbufpool.o
                0x00102bb0                mkbufpool
 .text          0x00102d2f       0xbb binaries/newqueue.o
                0x00102d2f                newqueue
 .text          0x00102dea       0x8e binaries/open.o
                0x00102dea                open
 .text          0x00102e78       0x2f binaries/panic.o
                0x00102e78                panic
 .text          0x00102ea7      0x541 binaries/pci.o
                0x00102ea7                pci_init
                0x001031c5                find_pci_device
                0x0010321d                pci_bios_read_config_byte
                0x00103269                pci_bios_read_config_word
                0x001032b8                pci_bios_read_config_dword
                0x00103304                pci_bios_write_config_byte
                0x00103352                pci_bios_write_config_word
                0x001033a0                pci_bios_write_config_dword
 .text.__x86.get_pc_thunk.si
                0x001033e8        0x4 binaries/pci.o
                0x001033e8                __x86.get_pc_thunk.si
 .text          0x001033ec      0x107 binaries/ptclear.o
                0x001033ec                _ptclear
 .text          0x001034f3       0xb1 binaries/ptcount.o
                0x001034f3                ptcount
 .text          0x001035a4      0x136 binaries/ptcreate.o
                0x001035a4                ptcreate
 .text          0x001036da       0x96 binaries/ptdelete.o
                0x001036da                ptdelete
 .text          0x00103770       0xd9 binaries/ptinit.o
                0x00103770                ptinit
 .text          0x00103849      0x137 binaries/ptrecv.o
                0x00103849                ptrecv
 .text          0x00103980       0x8b binaries/ptreset.o
                0x00103980                ptreset
 .text          0x00103a0b      0x15c binaries/ptsend.o
                0x00103a0b                ptsend
 .text          0x00103b67       0x93 binaries/putc.o
                0x00103b67                putc
 .text          0x00103bfa      0x130 binaries/queue.o
                0x00103bfa                enqueue
                0x00103cac                dequeue
 .text          0x00103d2a       0x8e binaries/read.o
                0x00103d2a                read
 .text          0x00103db8       0x8a binaries/ready.o
                0x00103db8                ready
 .text          0x00103e42       0x8b binaries/receive.o
                0x00103e42                receive
 .text          0x00103ecd       0x72 binaries/recvclr.o
                0x00103ecd                recvclr
 .text          0x00103f3f       0xd7 binaries/recvtime.o
                0x00103f3f                recvtime
 .text          0x00104016      0x1b0 binaries/resched.o
                0x00104016                resched
                0x00104140                resched_cntl
 .text          0x001041c6       0xc6 binaries/resume.o
                0x001041c6                resume
 .text          0x0010428c       0x8c binaries/seek.o
                0x0010428c                seek
 .text          0x00104318       0x89 binaries/semcount.o
                0x00104318                semcount
 .text          0x001043a1      0x102 binaries/semcreate.o
                0x001043a1                semcreate
 .text          0x001044a3       0xe1 binaries/semdelete.o
                0x001044a3                semdelete
 .text          0x00104584       0xe5 binaries/semreset.o
                0x00104584                semreset
 .text          0x00104669       0xfd binaries/send.o
                0x00104669                send
 .text          0x00104766       0xbc binaries/signal.o
                0x00104766                signal
 .text          0x00104822       0xea binaries/signaln.o
                0x00104822                signaln
 .text          0x0010490c      0x112 binaries/sleep.o
                0x0010490c                sleep
                0x00104966                sleepms
 .text          0x00104a1e      0x1b6 binaries/stacktrace.o
                0x00104a1e                stacktrace
 .text          0x00104bd4       0xf7 binaries/suspend.o
                0x00104bd4                suspend
 .text          0x00104ccb      0x102 binaries/unsleep.o
                0x00104ccb                unsleep
 .text          0x00104dcd       0x2b binaries/userret.o
                0x00104dcd                userret
 .text          0x00104df8       0xf7 binaries/wait.o
                0x00104df8                wait
 .text          0x00104eef       0x9a binaries/wakeup.o
                0x00104eef                wakeup
 .text          0x00104f89       0x8e binaries/write.o
                0x00104f89                write
 .text          0x00105017       0x31 binaries/xdone.o
                0x00105017                xdone
 .text          0x00105048       0x39 binaries/yield.o
                0x00105048                yield
 .text          0x00105081       0x1b binaries/abs.o
                0x00105081                abs
 .text          0x0010509c       0xa1 binaries/atoi.o
                0x0010509c                atoi
 .text          0x0010513d       0xa1 binaries/atol.o
                0x0010513d                atol
 .text          0x001051de       0x3e binaries/bzero.o
                0x001051de                bzero
 .text          0x0010521c        0x0 binaries/ctype_.o
 .text          0x0010521c      0x956 binaries/doprnt.o
                0x0010521c                _doprnt
 .text          0x00105b72      0x6fa binaries/doscan.o
                0x00105b72                _doscan
 .text.__x86.get_pc_thunk.di
                0x0010626c        0x4 binaries/doscan.o
                0x0010626c                __x86.get_pc_thunk.di
 .text          0x00106270      0x777 binaries/fdoprnt.o
                0x00106270                _fdoprnt
 .text          0x001069e7       0x3b binaries/fgetc.o
                0x001069e7                fgetc
 .text          0x00106a22       0x86 binaries/fgets.o
                0x00106a22                fgets
 .text          0x00106aa8       0x3e binaries/fprintf.o
                0x00106aa8                fprintf
 .text          0x00106ae6       0x3e binaries/fputc.o
                0x00106ae6                fputc
 .text          0x00106b24       0x54 binaries/fputs.o
                0x00106b24                fputs
 .text          0x00106b78       0xbc binaries/fscanf.o
                0x00106b78                fscanf
 .text          0x00106c34       0x48 binaries/getchar.o
                0x00106c34                getchar
 .text          0x00106c7c       0x1b binaries/labs.o
                0x00106c7c                labs
 .text          0x00106c97       0x5d binaries/memcmp.o
                0x00106c97                memcmp
 .text          0x00106cf4       0x49 binaries/memcpy.o
                0x00106cf4                memcpy
 .text          0x00106d3d       0x3a binaries/memset.o
                0x00106d3d                memset
 .text          0x00106d77       0x5f binaries/printf.o
                0x00106d77                printf
 .text          0x00106dd6       0x4b binaries/putchar.o
                0x00106dd6                putchar
 .text          0x00106e21      0x2b3 binaries/qsort.o
                0x00106e21                qsort
 .text          0x001070d4       0x83 binaries/rand.o
                0x001070d4                rand
                0x001070fa                rand_r
                0x0010713e                srand
 .text          0x00107157       0x86 binaries/sprintf.o
                0x00107157                sprintf
 .text          0x001071dd       0x9a binaries/sscanf.o
                0x001071dd                sscanf
 .text          0x00107277       0x46 binaries/strchr.o
                0x00107277                strchr
 .text          0x001072bd       0x4f binaries/strcmp.o
                0x001072bd                strcmp
 .text          0x0010730c       0x31 binaries/strcpy.o
                0x0010730c                strcpy
 .text          0x0010733d       0x32 binaries/strlen.o
                0x0010733d                strlen
 .text          0x0010736f       0x62 binaries/strncat.o
                0x0010736f                strncat
 .text          0x001073d1       0x68 binaries/strncmp.o
                0x001073d1                strncmp
 .text          0x00107439       0x59 binaries/strncpy.o
                0x00107439                strncpy
 .text          0x00107492       0x3a binaries/strnlen.o
                0x00107492                strnlen
 .text          0x001074cc       0x51 binaries/strrchr.o
                0x001074cc                strrchr
 .text          0x0010751d       0x7a binaries/strstr.o
                0x0010751d                strstr
 .text          0x00107597      0x102 binaries/ttycontrol.o
                0x00107597                ttycontrol
 .text          0x00107699       0xb1 binaries/ttygetc.o
                0x00107699                ttygetc
 .text          0x0010774a      0x72e binaries/ttyhandle_in.o
                0x0010774a                ttyhandle_in
 .text          0x00107e78      0x1cc binaries/ttyhandle_out.o
                0x00107e78                ttyhandle_out
 .text          0x00108044       0xe9 binaries/ttyhandler.o
                0x00108044                ttyhandler
 .text          0x0010812d      0x23f binaries/ttyinit.o
                0x0010812d                ttyinit
 .text          0x0010836c       0x2d binaries/ttykickout.o
                0x0010836c                ttykickout
 .text          0x00108399       0xca binaries/ttyputc.o
                0x00108399                ttyputc
 .text          0x00108463      0x12d binaries/ttyread.o
                0x00108463                ttyread
 .text          0x00108590       0x5e binaries/ttywrite.o
                0x00108590                ttywrite
 .text          0x001085ee      0x1a2 binaries/mount.o
                0x001085ee                mount
                0x0010874e                namlen
 .text          0x00108790      0x23b binaries/naminit.o
                0x00108790                naminit
 .text          0x001089cb      0x249 binaries/nammap.o
                0x001089cb                nammap
                0x00108a6a                namrepl
                0x00108bb8                namcpy
 .text          0x00108c14       0x5f binaries/namopen.o
                0x00108c14                namopen
 .text          0x00108c73      0xf39 binaries/82545EMInit.o
                0x00108cf4                _82545EMInit
                0x001099fe                _82545EM_read_phy_reg
                0x00109ad1                _82545EM_write_phy_reg
 .text          0x00109bac      0x293 binaries/ethcontrol.o
                0x00109c2d                ethcontrol
                0x00109db8                ethIrqDisable
                0x00109dfa                ethIrqEnable
 .text          0x00109e3f      0x29f binaries/ethhandler.o
                0x00109fe6                ethhandler
 .text          0x0010a0de      0x140 binaries/ethinit.o
                0x0010a0de                ethinit
 .text          0x0010a21e      0x22d binaries/ethread.o
                0x0010a29f                ethread
 .text          0x0010a44b      0x1d5 binaries/ethwrite.o
                0x0010a4cc                ethwrite
 .text          0x0010a620       0xc8 binaries/rdsars.o
                0x0010a620                rdsars
 .text          0x0010a6e8      0x2f3 binaries/rdscomm.o
                0x0010a6e8                rdscomm
 .text          0x0010a9db      0x34c binaries/rdscontrol.o
                0x0010a9db                rdscontrol
 .text          0x0010ad27       0x61 binaries/rdsinit.o
                0x0010ad27                rdsinit
 .text          0x0010ad88      0x3e1 binaries/rdsopen.o
                0x0010ad88                rdsopen
 .text          0x0010b169      0x572 binaries/rdsprocess.o
                0x0010b169                rdsprocess
 .text          0x0010b6db      0x66e binaries/rdsqfcns.o
                0x0010b6db                rdqadd
                0x0010b73c                rdqfree
                0x0010b7ea                rdcget
                0x0010b84f                rdcadd
                0x0010b985                rdqdump
                0x0010bb90                rdcdump
 .text          0x0010bd49       0xe5 binaries/rdsread.o
                0x0010bd49                rdsread
 .text          0x0010be2e       0xe5 binaries/rdswrite.o
                0x0010be2e                rdswrite
 .text          0x0010bf13       0x14 binaries/ramclose.o
                0x0010bf13                ramclose
 .text          0x0010bf27       0x57 binaries/raminit.o
                0x0010bf27                raminit
 .text          0x0010bf7e       0x14 binaries/ramopen.o
                0x0010bf7e                ramopen
 .text          0x0010bf92       0x49 binaries/ramread.o
                0x0010bf92                ramread
 .text          0x0010bfdb       0x49 binaries/ramwrite.o
                0x0010bfdb                ramwrite
 .text          0x0010c024       0xc6 binaries/lfdballoc.o
                0x0010c024                lfdballoc
 .text          0x0010c0ea       0x6e binaries/lfdbfree.o
                0x0010c0ea                lfdbfree
 .text          0x0010c158       0xe2 binaries/lfflush.o
                0x0010c158                lfflush
 .text          0x0010c23a       0xeb binaries/lfgetmode.o
                0x0010c23a                lfgetmode
 .text          0x0010c325       0x94 binaries/lfiballoc.o
                0x0010c325                lfiballoc
 .text          0x0010c3b9       0x47 binaries/lfibclear.o
                0x0010c3b9                lfibclear
 .text          0x0010c400       0xbe binaries/lfibget.o
                0x0010c400                lfibget
 .text          0x0010c4be       0xed binaries/lfibput.o
                0x0010c4be                lfibput
 .text          0x0010c5ab       0xbd binaries/lflclose.o
                0x0010c5ab                lflclose
 .text          0x0010c668       0xef binaries/lflcontrol.o
                0x0010c668                lflcontrol
 .text          0x0010c757      0x105 binaries/lflgetc.o
                0x0010c757                lflgetc
 .text          0x0010c85c      0x102 binaries/lflinit.o
                0x0010c85c                lflinit
 .text          0x0010c95e      0x13b binaries/lflputc.o
                0x0010c95e                lflputc
 .text          0x0010ca99       0x81 binaries/lflread.o
                0x0010ca99                lflread
 .text          0x0010cb1a       0xc0 binaries/lflseek.o
                0x0010cb1a                lflseek
 .text          0x0010cbda       0x66 binaries/lflwrite.o
                0x0010cbda                lflwrite
 .text          0x0010cc40       0x6e binaries/lfscheck.o
                0x0010cc40                lfscheck
 .text          0x0010ccae      0x192 binaries/lfsckfmt.o
                0x0010ccae                lfsckfmt
 .text          0x0010ce40      0x219 binaries/lfscreate.o
                0x0010ce40                lfscreate
 .text          0x0010d059      0x2a5 binaries/lfsetup.o
                0x0010d059                lfsetup
 .text          0x0010d2fe       0x67 binaries/lfsinit.o
                0x0010d2fe                lfsinit
 .text          0x0010d365      0x44d binaries/lfsopen.o
                0x0010d365                lfsopen
 .text          0x0010d7b2      0x18c binaries/lftruncate.o
                0x0010d7b2                lftruncate
 .text          0x0010d93e      0x1ec binaries/rflclose.o
                0x0010d93e                rflclose
 .text          0x0010db2a       0x69 binaries/rflgetc.o
                0x0010db2a                rflgetc
 .text          0x0010db93       0x88 binaries/rflinit.o
                0x0010db93                rflinit
 .text          0x0010dc1b       0x45 binaries/rflputc.o
                0x0010dc1b                rflputc
 .text          0x0010dc60      0x3d9 binaries/rflread.o
                0x0010dc60                rflread
 .text          0x0010e039       0x94 binaries/rflseek.o
                0x0010e039                rflseek
 .text          0x0010e0cd      0x383 binaries/rflwrite.o
                0x0010e0cd                rflwrite
 .text          0x0010e450      0x274 binaries/rfscomm.o
                0x0010e450                rfscomm
 .text          0x0010e6c4      0x2b0 binaries/rfscontrol.o
                0x0010e6c4                rfscontrol
 .text          0x0010e974       0xeb binaries/rfsgetmode.o
                0x0010e974                rfsgetmode
 .text          0x0010ea5f       0x7b binaries/rfsinit.o
                0x0010ea5f                rfsinit
 .text          0x0010eada      0x11f binaries/rfsndmsg.o
                0x0010eada                rfsndmsg
 .text          0x0010ebf9      0x2e5 binaries/rfsopen.o
                0x0010ebf9                rfsopen
 .text          0x0010eede      0x10a binaries/pipe_close.o
                0x0010eede                pipe_close
 .text          0x0010efe8      0x134 binaries/pipe_getc.o
                0x0010efe8                pipe_getc
 .text          0x0010f11c       0x48 binaries/pipe_init.o
                0x0010f11c                pipe_init
 .text          0x0010f164       0xb0 binaries/pipe_open.o
                0x0010f164                pipe_open
 .text          0x0010f214       0xc1 binaries/pipe_putc.o
                0x0010f214                pipe_putc
 .text          0x0010f2d5       0x79 binaries/pipe_read.o
                0x0010f2d5                pipe_read
 .text          0x0010f34e       0x76 binaries/pipe_write.o
                0x0010f34e                pipe_write
 .text          0x0010f3c4      0x8ce binaries/arp.o
                0x0010f3c4                arp_init
                0x0010f40b                arp_resolve
                0x0010f6fa                arp_in
                0x0010f9de                arp_alloc
                0x0010fac2                arp_ntoh
                0x0010fbaa                arp_hton
 .text          0x0010fc92      0x99b binaries/dhcp.o
                0x0010fc92                dhcp_get_opt_val
                0x0010fcf7                dhcp_bld_bootp_msg
                0x0010fe20                dhcp_bld_disc
                0x0010ff23                dhcp_bld_req
                0x001100a2                getlocalip
 .text          0x0011062d      0x6d7 binaries/dns.o
                0x0011062d                dnslookup
 .text          0x00110d04       0xf0 binaries/dot2ip.o
                0x00110d04                dot2ip
 .text          0x00110df4      0x52c binaries/hexdump.o
                0x00110df4                hexdump
                0x00110fc4                hexadump
 .text          0x00111320      0x97b binaries/icmp.o
                0x00111320                icmp_init
                0x00111366                icmp_in
                0x0011158c                icmp_register
                0x00111698                icmp_recv
                0x00111838                icmp_send
                0x001118d3                icmp_mkpkt
                0x00111a0d                icmp_release
                0x00111b1c                icmp_cksum
                0x00111bbb                icmp_hton
                0x00111c2b                icmp_ntoh
 .text          0x00111c9b      0x93e binaries/ip.o
                0x00111c9b                ip_in
                0x00111e30                ip_send
                0x00111fb4                ip_local
                0x00112017                ip_out
                0x00112157                ipcksum
                0x001121e9                ip_ntoh
                0x001122d1                ip_hton
                0x001123b9                ipout
                0x00112510                ip_enqueue
 .text          0x001125d9      0x326 binaries/net.o
                0x001125d9                net_init
                0x00112730                netin
                0x00112801                eth_hton
                0x00112831                eth_ntoh
                0x00112861                getport
 .text          0x001128ff     0x15cf binaries/pdump.o
                0x001128ff                pdump
                0x00113776                pdumph
 .text          0x00113ece      0x65d binaries/tftp.o
                0x00113ece                tftp_send1
                0x00114063                tftpget
                0x001140a1                tftpget_mb
 .text          0x0011452b      0xc0d binaries/udp.o
                0x0011452b                udp_init
                0x00114571                udp_in
                0x001146c6                udp_register
                0x00114818                udp_recv
                0x001149c9                udp_recvaddr
                0x00114b92                udp_send
                0x00114d8a                udp_sendto
                0x00114f4a                udp_release
                0x00115058                udp_ntoh
                0x001150c8                udp_hton
 .text          0x00115138      0x19b binaries/addargs.o
                0x00115138                addargs
 .text          0x001152d3      0x32d binaries/lexan.o
                0x001152d3                lexan
 .text          0x00115600      0x9d6 binaries/shell.o
                0x00115600                cmdlookup
                0x00115675                shell
 .text          0x00115fd6       0x80 binaries/xsh_argecho.o
                0x00115fd6                xsh_argecho
 .text          0x00116056      0x2d0 binaries/xsh_arp.o
                0x00116056                xsh_arp
 .text          0x00116326      0x2ae binaries/xsh_cat.o
                0x00116326                xsh_cat
 .text          0x001165d4       0x7a binaries/xsh_clear.o
                0x001165d4                xsh_clear
 .text          0x0011664e      0x354 binaries/xsh_date.o
                0x0011664e                xsh_date
 .text          0x001169a2       0xcd binaries/xsh_devdump.o
                0x001169a2                xsh_devdump
 .text          0x00116a6f       0x89 binaries/xsh_echo.o
                0x00116a6f                xsh_echo
 .text          0x00116af8       0x14 binaries/xsh_exit.o
                0x00116af8                xsh_exit
 .text          0x00116b0c      0x169 binaries/xsh_hello.o
                0x00116b0c                xsh_hello
                0x00116bc8                prod
                0x00116c20                cons
 .text          0x00116c75      0x3b0 binaries/xsh_help.o
                0x00116c75                xsh_help
 .text          0x00117025      0x287 binaries/xsh_kill.o
                0x00117025                xsh_kill
 .text          0x001172ac      0x5cb binaries/xsh_ls.o
                0x001172ac                xsh_ls
 .text          0x00117877      0x5af binaries/xsh_memdump.o
                0x00117877                xsh_memdump
 .text          0x00117e26      0x31c binaries/xsh_memstat.o
                0x00117e26                xsh_memstat
 .text          0x00118142      0x60d binaries/xsh_netinfo.o
                0x00118142                xsh_netinfo
 .text          0x0011874f      0x669 binaries/xsh_ns.o
                0x0011874f                xsh_ns
 .text          0x00118db8      0x41a binaries/xsh_ping.o
                0x00118db8                xsh_ping
 .text          0x001191d2      0x27c binaries/xsh_ps.o
                0x001191d2                xsh_ps
 .text          0x0011944e      0x265 binaries/xsh_sleep.o
                0x0011944e                xsh_sleep
 .text          0x001196b3      0x2a4 binaries/xsh_tee.o
                0x001196b3                xsh_tee
 .text          0x00119957      0x2d8 binaries/xsh_udpdump.o
                0x00119957                xsh_udpdump
 .text          0x00119c2f      0x606 binaries/xsh_udpecho.o
                0x00119c2f                xsh_udpecho
 .text          0x0011a235      0x2fb binaries/xsh_udpserver.o
                0x0011a235                xsh_udpeserver
 .text          0x0011a530      0x230 binaries/xsh_uptime.o
                0x0011a530                xsh_uptime
 .text          0x0011a760        0xe binaries/clkdisp.o
                0x0011a760                clkdisp
 .text          0x0011a76e       0x19 binaries/ctxsw.o
                0x0011a76e                ctxsw
 .text          0x0011a787      0x368 binaries/intr.o
                0x0011a787                disable
                0x0011a790                restore
                0x0011a79e                enable
                0x0011a7a0                pause
                0x0011a7a7                halt
                0x0011a7aa                spurious_irq7
                0x0011a7af                spurious_irq15
                0x0011a7be                _Xint0
                0x0011a7c9                _Xint1
                0x0011a7d4                _Xint2
                0x0011a7df                _Xint3
                0x0011a7ea                _Xint4
                0x0011a7f5                _Xint5
                0x0011a800                _Xint6
                0x0011a80b                _Xint7
                0x0011a816                _Xint8
                0x0011a821                _Xint9
                0x0011a82c                _Xint10
                0x0011a837                _Xint11
                0x0011a845                _Xint12
                0x0011a853                _Xint13
                0x0011a861                _Xint14
                0x0011a86f                _Xint15
                0x0011a87d                _Xint16
                0x0011a88b                _Xint17
                0x0011a899                _Xint18
                0x0011a8a7                _Xint19
                0x0011a8b5                _Xint20
                0x0011a8c3                _Xint21
                0x0011a8d1                _Xint22
                0x0011a8df                _Xint23
                0x0011a8ed                _Xint24
                0x0011a8fb                _Xint25
                0x0011a909                _Xint26
                0x0011a917                _Xint27
                0x0011a925                _Xint28
                0x0011a933                _Xint29
                0x0011a941                _Xint30
                0x0011a94f                _Xint31
                0x0011a95d                _Xint32
                0x0011a96b                _Xint33
                0x0011a979                _Xint34
                0x0011a987                _Xint35
                0x0011a995                _Xint36
                0x0011a9a3                _Xint37
                0x0011a9b1                _Xint38
                0x0011a9bf                _Xint39
                0x0011a9cd                _Xint40
                0x0011a9db                _Xint41
                0x0011a9e9                _Xint42
                0x0011a9f7                _Xint43
                0x0011aa05                _Xint44
                0x0011aa13                _Xint45
                0x0011aa21                _Xint46
                0x0011aa2f                defevec
 .text          0x0011aaef        0xf binaries/ttydispatch.o
                0x0011aaef                ttydispatch
 .text          0x0011aafe       0x13 binaries/ethdispatch.o
                0x0011aafe                ethdispatch
 *(.rodata .rodata.*)
 *fill*         0x0011ab11        0x3 
 .rodata        0x0011ab14       0x8e binaries/ascdate.o
 .rodata        0x0011aba2       0xe8 binaries/conf.o
 *fill*         0x0011ac8a        0x2 
 .rodata        0x0011ac8c      0x22f binaries/evec.o
 *fill*         0x0011aebb        0x1 
 .rodata        0x0011aebc       0x61 binaries/getutime.o
 *fill*         0x0011af1d        0x3 
 .rodata        0x0011af20       0x90 binaries/i386.o
 .rodata        0x0011afb0      0x136 binaries/initialize.o
 *fill*         0x0011b0e6        0x2 
 .rodata        0x0011b0e8       0x20 binaries/kill.o
 .rodata        0x0011b108       0x2e binaries/main.o
 .rodata        0x0011b136        0xf binaries/panic.o
 *fill*         0x0011b145        0x3 
 .rodata        0x0011b148      0x1ec binaries/pci.o
 .rodata        0x0011b334       0x1d binaries/ptinit.o
 *fill*         0x0011b351        0x3 
 .rodata        0x0011b354       0x25 binaries/ptsend.o
 .rodata        0x0011b379        0xd binaries/receive.o
 *fill*         0x0011b386        0x2 
 .rodata        0x0011b388       0xb7 binaries/stacktrace.o
 *fill*         0x0011b43f        0x1 
 .rodata        0x0011b440       0x27 binaries/xdone.o
 *fill*         0x0011b467       0x19 
 .rodata        0x0011b480       0x81 binaries/ctype_.o
                0x0011b480                _ctype_
 *fill*         0x0011b501        0x3 
 .rodata        0x0011b504       0xee binaries/doprnt.o
 *fill*         0x0011b5f2        0x2 
 .rodata        0x0011b5f4       0xae binaries/fdoprnt.o
 *fill*         0x0011b6a2        0x2 
 .rodata        0x0011b6a4       0x20 binaries/ttycontrol.o
 .rodata        0x0011b6c4       0x34 binaries/ttyhandler.o
 .rodata        0x0011b6f8       0x14 binaries/mount.o
 .rodata        0x0011b70c       0x82 binaries/naminit.o
 *fill*         0x0011b78e        0x2 
 .rodata        0x0011b790       0x2e binaries/82545EMInit.o
 *fill*         0x0011b7be        0x2 
 .rodata        0x0011b7c0       0x78 binaries/ethinit.o
 .rodata        0x0011b838       0x18 binaries/ethread.o
 .rodata        0x0011b850       0x76 binaries/rdscomm.o
 *fill*         0x0011b8c6        0x2 
 .rodata        0x0011b8c8       0x89 binaries/rdscontrol.o
 *fill*         0x0011b951        0x3 
 .rodata        0x0011b954       0xcf binaries/rdsopen.o
 *fill*         0x0011ba23        0x1 
 .rodata        0x0011ba24       0x40 binaries/rdsprocess.o
 .rodata        0x0011ba64       0xe2 binaries/rdsqfcns.o
 .rodata        0x0011bb46        0x9 binaries/raminit.o
 *fill*         0x0011bb4f        0x1 
 .rodata        0x0011bb50       0x36 binaries/lfdballoc.o
 .rodata        0x0011bb86       0x14 binaries/lfiballoc.o
 *fill*         0x0011bb9a        0x2 
 .rodata        0x0011bb9c       0x22 binaries/lflcontrol.o
 *fill*         0x0011bbbe        0x2 
 .rodata        0x0011bbc0      0x118 binaries/lfsckfmt.o
 .rodata        0x0011bcd8       0x66 binaries/lfsopen.o
 *fill*         0x0011bd3e        0x2 
 .rodata        0x0011bd40       0x22 binaries/rflclose.o
 *fill*         0x0011bd62        0x2 
 .rodata        0x0011bd64       0x21 binaries/rflread.o
 *fill*         0x0011bd85        0x3 
 .rodata        0x0011bd88       0x21 binaries/rflwrite.o
 *fill*         0x0011bda9        0x3 
 .rodata        0x0011bdac       0xa1 binaries/rfscomm.o
 *fill*         0x0011be4d        0x3 
 .rodata        0x0011be50       0x3c binaries/rfscontrol.o
 .rodata        0x0011be8c       0x2b binaries/rfsinit.o
 *fill*         0x0011beb7        0x1 
 .rodata        0x0011beb8       0x2a binaries/rfsndmsg.o
 *fill*         0x0011bee2        0x2 
 .rodata        0x0011bee4       0x21 binaries/rfsopen.o
 *fill*         0x0011bf05        0x3 
 .rodata        0x0011bf08       0x3a binaries/arp.o
 *fill*         0x0011bf42        0x2 
 .rodata        0x0011bf44       0xcf binaries/dhcp.o
 .rodata        0x0011c013       0x24 binaries/dns.o
 *fill*         0x0011c037        0x1 
 .rodata        0x0011c038       0xc9 binaries/hexdump.o
 *fill*         0x0011c101        0x3 
 .rodata        0x0011c104       0x29 binaries/icmp.o
 *fill*         0x0011c12d        0x3 
 .rodata        0x0011c130       0x52 binaries/ip.o
 *fill*         0x0011c182        0x2 
 .rodata        0x0011c184       0x4f binaries/net.o
 *fill*         0x0011c1d3        0x1 
 .rodata        0x0011c1d4      0x26f binaries/pdump.o
 *fill*         0x0011c443        0x1 
 .rodata        0x0011c444      0x154 binaries/tftp.o
 .rodata        0x0011c598      0x2bf binaries/shell.o
 .rodata        0x0011c857       0x28 binaries/xsh_argecho.o
 *fill*         0x0011c87f        0x1 
 .rodata        0x0011c880      0x123 binaries/xsh_arp.o
 *fill*         0x0011c9a3        0x1 
 .rodata        0x0011c9a4       0xc9 binaries/xsh_cat.o
 .rodata        0x0011ca6d       0x19 binaries/xsh_clear.o
 *fill*         0x0011ca86        0x2 
 .rodata        0x0011ca88      0x1c3 binaries/xsh_date.o
 .rodata        0x0011cc4b       0x5d binaries/xsh_devdump.o
 .rodata        0x0011cca8        0x9 binaries/xsh_echo.o
 *fill*         0x0011ccb1        0x3 
 .rodata        0x0011ccb4       0x41 binaries/xsh_hello.o
 *fill*         0x0011ccf5        0x3 
 .rodata        0x0011ccf8      0x169 binaries/xsh_help.o
 *fill*         0x0011ce61        0x3 
 .rodata        0x0011ce64      0x12e binaries/xsh_kill.o
 *fill*         0x0011cf92        0x2 
 .rodata        0x0011cf94      0x190 binaries/xsh_ls.o
 .rodata        0x0011d124      0x266 binaries/xsh_memdump.o
 *fill*         0x0011d38a        0x2 
 .rodata        0x0011d38c      0x225 binaries/xsh_memstat.o
 *fill*         0x0011d5b1        0x3 
 .rodata        0x0011d5b4      0x1b0 binaries/xsh_netinfo.o
 .rodata        0x0011d764      0x301 binaries/xsh_ns.o
 *fill*         0x0011da65        0x3 
 .rodata        0x0011da68      0x19d binaries/xsh_ping.o
 *fill*         0x0011dc05        0x3 
 .rodata        0x0011dc08      0x1a8 binaries/xsh_ps.o
 .rodata        0x0011ddb0       0xeb binaries/xsh_sleep.o
 *fill*         0x0011de9b        0x1 
 .rodata        0x0011de9c       0x94 binaries/xsh_tee.o
 .rodata        0x0011df30      0x1b8 binaries/xsh_udpdump.o
 .rodata        0x0011e0e8      0x27d binaries/xsh_udpecho.o
 *fill*         0x0011e365        0x3 
 .rodata        0x0011e368      0x12b binaries/xsh_udpserver.o
 *fill*         0x0011e493        0x1 
 .rodata        0x0011e494      0x105 binaries/xsh_uptime.o
                0x0011e599                        etext = ABSOLUTE (.)
                0x0011f000                        . = ALIGN (0x1000)
 *fill*         0x0011e599      0xa67 

.eh_frame       0x0011f000     0x3720
 .eh_frame      0x0011f000       0x54 binaries/ascdate.o
 .eh_frame      0x0011f054       0x34 binaries/bufinit.o
                                 0x4c (size before relaxing)
 .eh_frame      0x0011f088       0x3c binaries/chprio.o
                                 0x54 (size before relaxing)
 .eh_frame      0x0011f0c4       0x24 binaries/clkhandler.o
                                 0x50 (size before relaxing)
 .eh_frame      0x0011f0e8       0x28 binaries/clkinit.o
                                 0x54 (size before relaxing)
 .eh_frame      0x0011f110       0x28 binaries/close.o
                                 0x54 (size before relaxing)
 .eh_frame      0x0011f138       0x28 binaries/control.o
                                 0x54 (size before relaxing)
 .eh_frame      0x0011f160       0x4c binaries/create.o
                                 0x8c (size before relaxing)
 .eh_frame      0x0011f1ac       0x74 binaries/evec.o
                                 0xb4 (size before relaxing)
 .eh_frame      0x0011f220       0x24 binaries/exit.o
                                 0x50 (size before relaxing)
 .eh_frame      0x0011f244       0x28 binaries/freebuf.o
                                 0x54 (size before relaxing)
 .eh_frame      0x0011f26c       0x28 binaries/freemem.o
                                 0x54 (size before relaxing)
 .eh_frame      0x0011f294       0x28 binaries/getbuf.o
                                 0x54 (size before relaxing)
 .eh_frame      0x0011f2bc       0x28 binaries/getc.o
                                 0x54 (size before relaxing)
 .eh_frame      0x0011f2e4       0x28 binaries/getdev.o
                                 0x54 (size before relaxing)
 .eh_frame      0x0011f30c       0x80 binaries/getitem.o
                                 0xac (size before relaxing)
 .eh_frame      0x0011f38c       0x28 binaries/getmem.o
                                 0x54 (size before relaxing)
 .eh_frame      0x0011f3b4       0x20 binaries/getpid.o
                                 0x4c (size before relaxing)
 .eh_frame      0x0011f3d4       0x28 binaries/getprio.o
                                 0x54 (size before relaxing)
 .eh_frame      0x0011f3fc       0x28 binaries/getstk.o
                                 0x54 (size before relaxing)
 .eh_frame      0x0011f424       0x20 binaries/getticks.o
                                 0x4c (size before relaxing)
 .eh_frame      0x0011f444       0x28 binaries/gettime.o
                                 0x54 (size before relaxing)
 .eh_frame      0x0011f46c       0x28 binaries/getutime.o
                                 0x54 (size before relaxing)
 .eh_frame      0x0011f494       0xa8 binaries/i386.o
                                 0xd4 (size before relaxing)
 .eh_frame      0x0011f53c       0x28 binaries/init.o
                                 0x54 (size before relaxing)
 .eh_frame      0x0011f564       0xac binaries/initialize.o
                                 0xec (size before relaxing)
 .eh_frame      0x0011f610       0x24 binaries/insert.o
                                 0x50 (size before relaxing)
 .eh_frame      0x0011f634       0x28 binaries/insertd.o
                                 0x54 (size before relaxing)
 .eh_frame      0x0011f65c       0x20 binaries/ioerr.o
                                 0x4c (size before relaxing)
 .eh_frame      0x0011f67c       0x20 binaries/ionull.o
                                 0x4c (size before relaxing)
 .eh_frame      0x0011f69c       0x2c binaries/kill.o
                                 0x58 (size before relaxing)
 .eh_frame      0x0011f6c8       0x74 binaries/kprintf.o
                                 0xb4 (size before relaxing)
 .eh_frame      0x0011f73c       0x28 binaries/main.o
                                 0x54 (size before relaxing)
 .eh_frame      0x0011f764       0x74 binaries/mark.o
                                 0xa0 (size before relaxing)
 .eh_frame      0x0011f7d8       0x24 binaries/meminit.o
                                 0x50 (size before relaxing)
 .eh_frame      0x0011f7fc       0x28 binaries/mkbufpool.o
                                 0x54 (size before relaxing)
 .eh_frame      0x0011f824       0x24 binaries/newqueue.o
                                 0x50 (size before relaxing)
 .eh_frame      0x0011f848       0x28 binaries/open.o
                                 0x54 (size before relaxing)
 .eh_frame      0x0011f870       0x1c binaries/panic.o
                                 0x48 (size before relaxing)
 .eh_frame      0x0011f88c      0x1f0 binaries/pci.o
                                0x244 (size before relaxing)
 .eh_frame      0x0011fa7c       0x28 binaries/ptclear.o
                                 0x54 (size before relaxing)
 .eh_frame      0x0011faa4       0x28 binaries/ptcount.o
                                 0x54 (size before relaxing)
 .eh_frame      0x0011facc       0x28 binaries/ptcreate.o
                                 0x54 (size before relaxing)
 .eh_frame      0x0011faf4       0x28 binaries/ptdelete.o
                                 0x54 (size before relaxing)
 .eh_frame      0x0011fb1c       0x28 binaries/ptinit.o
                                 0x54 (size before relaxing)
 .eh_frame      0x0011fb44       0x28 binaries/ptrecv.o
                                 0x54 (size before relaxing)
 .eh_frame      0x0011fb6c       0x28 binaries/ptreset.o
                                 0x54 (size before relaxing)
 .eh_frame      0x0011fb94       0x28 binaries/ptsend.o
                                 0x54 (size before relaxing)
 .eh_frame      0x0011fbbc       0x28 binaries/putc.o
                                 0x54 (size before relaxing)
 .eh_frame      0x0011fbe4       0x4c binaries/queue.o
                                 0x8c (size before relaxing)
 .eh_frame      0x0011fc30       0x28 binaries/read.o
                                 0x54 (size before relaxing)
 .eh_frame      0x0011fc58       0x28 binaries/ready.o
                                 0x54 (size before relaxing)
 .eh_frame      0x0011fc80       0x28 binaries/receive.o
                                 0x54 (size before relaxing)
 .eh_frame      0x0011fca8       0x28 binaries/recvclr.o
                                 0x54 (size before relaxing)
 .eh_frame      0x0011fcd0       0x28 binaries/recvtime.o
                                 0x54 (size before relaxing)
 .eh_frame      0x0011fcf8       0x4c binaries/resched.o
                                 0x8c (size before relaxing)
 .eh_frame      0x0011fd44       0x28 binaries/resume.o
                                 0x54 (size before relaxing)
 .eh_frame      0x0011fd6c       0x28 binaries/seek.o
                                 0x54 (size before relaxing)
 .eh_frame      0x0011fd94       0x28 binaries/semcount.o
                                 0x54 (size before relaxing)
 .eh_frame      0x0011fdbc       0x4c binaries/semcreate.o
                                 0x8c (size before relaxing)
 .eh_frame      0x0011fe08       0x28 binaries/semdelete.o
                                 0x54 (size before relaxing)
 .eh_frame      0x0011fe30       0x28 binaries/semreset.o
                                 0x54 (size before relaxing)
 .eh_frame      0x0011fe58       0x28 binaries/send.o
                                 0x54 (size before relaxing)
 .eh_frame      0x0011fe80       0x28 binaries/signal.o
                                 0x54 (size before relaxing)
 .eh_frame      0x0011fea8       0x28 binaries/signaln.o
                                 0x54 (size before relaxing)
 .eh_frame      0x0011fed0       0x4c binaries/sleep.o
                                 0x8c (size before relaxing)
 .eh_frame      0x0011ff1c       0x28 binaries/stacktrace.o
                                 0x54 (size before relaxing)
 .eh_frame      0x0011ff44       0x28 binaries/suspend.o
                                 0x54 (size before relaxing)
 .eh_frame      0x0011ff6c       0x28 binaries/unsleep.o
                                 0x54 (size before relaxing)
 .eh_frame      0x0011ff94       0x24 binaries/userret.o
                                 0x50 (size before relaxing)
 .eh_frame      0x0011ffb8       0x28 binaries/wait.o
                                 0x54 (size before relaxing)
 .eh_frame      0x0011ffe0       0x28 binaries/wakeup.o
                                 0x54 (size before relaxing)
 .eh_frame      0x00120008       0x28 binaries/write.o
                                 0x54 (size before relaxing)
 .eh_frame      0x00120030       0x24 binaries/xdone.o
                                 0x50 (size before relaxing)
 .eh_frame      0x00120054       0x24 binaries/yield.o
                                 0x50 (size before relaxing)
 .eh_frame      0x00120078       0x20 binaries/abs.o
                                 0x4c (size before relaxing)
 .eh_frame      0x00120098       0x24 binaries/atoi.o
                                 0x50 (size before relaxing)
 .eh_frame      0x001200bc       0x24 binaries/atol.o
                                 0x50 (size before relaxing)
 .eh_frame      0x001200e0       0x20 binaries/bzero.o
                                 0x4c (size before relaxing)
 .eh_frame      0x00120100      0x100 binaries/doprnt.o
                                0x154 (size before relaxing)
 .eh_frame      0x00120200       0xc8 binaries/doscan.o
                                 0xf4 (size before relaxing)
 .eh_frame      0x001202c8       0xdc binaries/fdoprnt.o
                                0x11c (size before relaxing)
 .eh_frame      0x001203a4       0x24 binaries/fgetc.o
                                 0x50 (size before relaxing)
 .eh_frame      0x001203c8       0x28 binaries/fgets.o
                                 0x54 (size before relaxing)
 .eh_frame      0x001203f0       0x24 binaries/fprintf.o
                                 0x50 (size before relaxing)
 .eh_frame      0x00120414       0x24 binaries/fputc.o
                                 0x50 (size before relaxing)
 .eh_frame      0x00120438       0x28 binaries/fputs.o
                                 0x54 (size before relaxing)
 .eh_frame      0x00120460       0x6c binaries/fscanf.o
                                 0x98 (size before relaxing)
 .eh_frame      0x001204cc       0x24 binaries/getchar.o
                                 0x50 (size before relaxing)
 .eh_frame      0x001204f0       0x20 binaries/labs.o
                                 0x4c (size before relaxing)
 .eh_frame      0x00120510       0x24 binaries/memcmp.o
                                 0x50 (size before relaxing)
 .eh_frame      0x00120534       0x24 binaries/memcpy.o
                                 0x50 (size before relaxing)
 .eh_frame      0x00120558       0x24 binaries/memset.o
                                 0x50 (size before relaxing)
 .eh_frame      0x0012057c       0x28 binaries/printf.o
                                 0x54 (size before relaxing)
 .eh_frame      0x001205a4       0x28 binaries/putchar.o
                                 0x54 (size before relaxing)
 .eh_frame      0x001205cc       0xa4 binaries/qsort.o
                                 0xd0 (size before relaxing)
 .eh_frame      0x00120670       0x60 binaries/rand.o
                                 0x8c (size before relaxing)
 .eh_frame      0x001206d0       0x48 binaries/sprintf.o
                                 0x74 (size before relaxing)
 .eh_frame      0x00120718       0x64 binaries/sscanf.o
                                 0x90 (size before relaxing)
 .eh_frame      0x0012077c       0x20 binaries/strchr.o
                                 0x4c (size before relaxing)
 .eh_frame      0x0012079c       0x20 binaries/strcmp.o
                                 0x4c (size before relaxing)
 .eh_frame      0x001207bc       0x20 binaries/strcpy.o
                                 0x4c (size before relaxing)
 .eh_frame      0x001207dc       0x20 binaries/strlen.o
                                 0x4c (size before relaxing)
 .eh_frame      0x001207fc       0x24 binaries/strncat.o
                                 0x50 (size before relaxing)
 .eh_frame      0x00120820       0x20 binaries/strncmp.o
                                 0x4c (size before relaxing)
 .eh_frame      0x00120840       0x28 binaries/strncpy.o
                                 0x54 (size before relaxing)
 .eh_frame      0x00120868       0x20 binaries/strnlen.o
                                 0x4c (size before relaxing)
 .eh_frame      0x00120888       0x24 binaries/strrchr.o
                                 0x50 (size before relaxing)
 .eh_frame      0x001208ac       0x24 binaries/strstr.o
                                 0x50 (size before relaxing)
 .eh_frame      0x001208d0       0x28 binaries/ttycontrol.o
                                 0x54 (size before relaxing)
 .eh_frame      0x001208f8       0x28 binaries/ttygetc.o
                                 0x54 (size before relaxing)
 .eh_frame      0x00120920       0x98 binaries/ttyhandle_in.o
                                 0xec (size before relaxing)
 .eh_frame      0x001209b8       0x28 binaries/ttyhandle_out.o
                                 0x54 (size before relaxing)
 .eh_frame      0x001209e0       0x28 binaries/ttyhandler.o
                                 0x54 (size before relaxing)
 .eh_frame      0x00120a08       0x28 binaries/ttyinit.o
                                 0x54 (size before relaxing)
 .eh_frame      0x00120a30       0x24 binaries/ttykickout.o
                                 0x50 (size before relaxing)
 .eh_frame      0x00120a54       0x28 binaries/ttyputc.o
                                 0x54 (size before relaxing)
 .eh_frame      0x00120a7c       0x28 binaries/ttyread.o
                                 0x54 (size before relaxing)
 .eh_frame      0x00120aa4       0x28 binaries/ttywrite.o
                                 0x54 (size before relaxing)
 .eh_frame      0x00120acc       0x48 binaries/mount.o
                                 0x88 (size before relaxing)
 .eh_frame      0x00120b14       0x28 binaries/naminit.o
                                 0x54 (size before relaxing)
 .eh_frame      0x00120b3c       0x74 binaries/nammap.o
                                 0xb4 (size before relaxing)
 .eh_frame      0x00120bb0       0x28 binaries/namopen.o
                                 0x54 (size before relaxing)
 .eh_frame      0x00120bd8      0x168 binaries/82545EMInit.o
                                0x1a8 (size before relaxing)
 .eh_frame      0x00120d40       0xb4 binaries/ethcontrol.o
                                0x108 (size before relaxing)
 .eh_frame      0x00120df4       0x9c binaries/ethhandler.o
                                 0xdc (size before relaxing)
 .eh_frame      0x00120e90       0x28 binaries/ethinit.o
                                 0x54 (size before relaxing)
 .eh_frame      0x00120eb8       0x70 binaries/ethread.o
                                 0x9c (size before relaxing)
 .eh_frame      0x00120f28       0x70 binaries/ethwrite.o
                                 0x9c (size before relaxing)
 .eh_frame      0x00120f98       0x28 binaries/rdsars.o
                                 0x54 (size before relaxing)
 .eh_frame      0x00120fc0       0x28 binaries/rdscomm.o
                                 0x54 (size before relaxing)
 .eh_frame      0x00120fe8       0x28 binaries/rdscontrol.o
                                 0x54 (size before relaxing)
 .eh_frame      0x00121010       0x24 binaries/rdsinit.o
                                 0x50 (size before relaxing)
 .eh_frame      0x00121034       0x28 binaries/rdsopen.o
                                 0x54 (size before relaxing)
 .eh_frame      0x0012105c       0x1c binaries/rdsprocess.o
                                 0x48 (size before relaxing)
 .eh_frame      0x00121078       0xe8 binaries/rdsqfcns.o
                                0x128 (size before relaxing)
 .eh_frame      0x00121160       0x28 binaries/rdsread.o
                                 0x54 (size before relaxing)
 .eh_frame      0x00121188       0x28 binaries/rdswrite.o
                                 0x54 (size before relaxing)
 .eh_frame      0x001211b0       0x20 binaries/ramclose.o
                                 0x4c (size before relaxing)
 .eh_frame      0x001211d0       0x28 binaries/raminit.o
                                 0x54 (size before relaxing)
 .eh_frame      0x001211f8       0x20 binaries/ramopen.o
                                 0x4c (size before relaxing)
 .eh_frame      0x00121218       0x28 binaries/ramread.o
                                 0x54 (size before relaxing)
 .eh_frame      0x00121240       0x28 binaries/ramwrite.o
                                 0x54 (size before relaxing)
 .eh_frame      0x00121268       0x28 binaries/lfdballoc.o
                                 0x54 (size before relaxing)
 .eh_frame      0x00121290       0x28 binaries/lfdbfree.o
                                 0x54 (size before relaxing)
 .eh_frame      0x001212b8       0x28 binaries/lfflush.o
                                 0x54 (size before relaxing)
 .eh_frame      0x001212e0       0x24 binaries/lfgetmode.o
                                 0x50 (size before relaxing)
 .eh_frame      0x00121304       0x28 binaries/lfiballoc.o
                                 0x54 (size before relaxing)
 .eh_frame      0x0012132c       0x24 binaries/lfibclear.o
                                 0x50 (size before relaxing)
 .eh_frame      0x00121350       0x28 binaries/lfibget.o
                                 0x54 (size before relaxing)
 .eh_frame      0x00121378       0x28 binaries/lfibput.o
                                 0x54 (size before relaxing)
 .eh_frame      0x001213a0       0x28 binaries/lflclose.o
                                 0x54 (size before relaxing)
 .eh_frame      0x001213c8       0x28 binaries/lflcontrol.o
                                 0x54 (size before relaxing)
 .eh_frame      0x001213f0       0x28 binaries/lflgetc.o
                                 0x54 (size before relaxing)
 .eh_frame      0x00121418       0x28 binaries/lflinit.o
                                 0x54 (size before relaxing)
 .eh_frame      0x00121440       0x28 binaries/lflputc.o
                                 0x54 (size before relaxing)
 .eh_frame      0x00121468       0x28 binaries/lflread.o
                                 0x54 (size before relaxing)
 .eh_frame      0x00121490       0x28 binaries/lflseek.o
                                 0x54 (size before relaxing)
 .eh_frame      0x001214b8       0x28 binaries/lflwrite.o
                                 0x54 (size before relaxing)
 .eh_frame      0x001214e0       0x24 binaries/lfscheck.o
                                 0x50 (size before relaxing)
 .eh_frame      0x00121504       0x28 binaries/lfsckfmt.o
                                 0x54 (size before relaxing)
 .eh_frame      0x0012152c       0x28 binaries/lfscreate.o
                                 0x54 (size before relaxing)
 .eh_frame      0x00121554       0x28 binaries/lfsetup.o
                                 0x54 (size before relaxing)
 .eh_frame      0x0012157c       0x28 binaries/lfsinit.o
                                 0x54 (size before relaxing)
 .eh_frame      0x001215a4       0x28 binaries/lfsopen.o
                                 0x54 (size before relaxing)
 .eh_frame      0x001215cc       0x28 binaries/lftruncate.o
                                 0x54 (size before relaxing)
 .eh_frame      0x001215f4       0x28 binaries/rflclose.o
                                 0x54 (size before relaxing)
 .eh_frame      0x0012161c       0x28 binaries/rflgetc.o
                                 0x54 (size before relaxing)
 .eh_frame      0x00121644       0x24 binaries/rflinit.o
                                 0x50 (size before relaxing)
 .eh_frame      0x00121668       0x24 binaries/rflputc.o
                                 0x50 (size before relaxing)
 .eh_frame      0x0012168c       0x28 binaries/rflread.o
                                 0x54 (size before relaxing)
 .eh_frame      0x001216b4       0x28 binaries/rflseek.o
                                 0x54 (size before relaxing)
 .eh_frame      0x001216dc       0x28 binaries/rflwrite.o
                                 0x54 (size before relaxing)
 .eh_frame      0x00121704       0x28 binaries/rfscomm.o
                                 0x54 (size before relaxing)
 .eh_frame      0x0012172c       0x28 binaries/rfscontrol.o
                                 0x54 (size before relaxing)
 .eh_frame      0x00121754       0x24 binaries/rfsgetmode.o
                                 0x50 (size before relaxing)
 .eh_frame      0x00121778       0x28 binaries/rfsinit.o
                                 0x54 (size before relaxing)
 .eh_frame      0x001217a0       0x28 binaries/rfsndmsg.o
                                 0x54 (size before relaxing)
 .eh_frame      0x001217c8       0x28 binaries/rfsopen.o
                                 0x54 (size before relaxing)
 .eh_frame      0x001217f0       0x28 binaries/pipe_close.o
                                 0x54 (size before relaxing)
 .eh_frame      0x00121818       0x28 binaries/pipe_getc.o
                                 0x54 (size before relaxing)
 .eh_frame      0x00121840       0x24 binaries/pipe_init.o
                                 0x50 (size before relaxing)
 .eh_frame      0x00121864       0x28 binaries/pipe_open.o
                                 0x54 (size before relaxing)
 .eh_frame      0x0012188c       0x28 binaries/pipe_putc.o
                                 0x54 (size before relaxing)
 .eh_frame      0x001218b4       0x28 binaries/pipe_read.o
                                 0x54 (size before relaxing)
 .eh_frame      0x001218dc       0x28 binaries/pipe_write.o
                                 0x54 (size before relaxing)
 .eh_frame      0x00121904       0xdc binaries/arp.o
                                0x130 (size before relaxing)
 .eh_frame      0x001219e0       0xc0 binaries/dhcp.o
                                0x100 (size before relaxing)
 .eh_frame      0x00121aa0       0xa0 binaries/dns.o
                                 0xe0 (size before relaxing)
 .eh_frame      0x00121b40       0x24 binaries/dot2ip.o
                                 0x50 (size before relaxing)
 .eh_frame      0x00121b64       0x50 binaries/hexdump.o
                                 0x7c (size before relaxing)
 .eh_frame      0x00121bb4      0x180 binaries/icmp.o
                                0x1d4 (size before relaxing)
 .eh_frame      0x00121d34      0x148 binaries/ip.o
                                0x188 (size before relaxing)
 .eh_frame      0x00121e7c       0xac binaries/net.o
                                0x100 (size before relaxing)
 .eh_frame      0x00121f28       0x60 binaries/pdump.o
                                 0xa0 (size before relaxing)
 .eh_frame      0x00121f88       0x70 binaries/tftp.o
                                 0xb0 (size before relaxing)
 .eh_frame      0x00121ff8      0x17c binaries/udp.o
                                0x1d0 (size before relaxing)
 .eh_frame      0x00122174       0x2c binaries/addargs.o
                                 0x58 (size before relaxing)
 .eh_frame      0x001221a0       0x24 binaries/lexan.o
                                 0x50 (size before relaxing)
 .eh_frame      0x001221c4       0x54 binaries/shell.o
                                 0x80 (size before relaxing)
 .eh_frame      0x00122218       0x28 binaries/xsh_argecho.o
                                 0x54 (size before relaxing)
 .eh_frame      0x00122240       0x50 binaries/xsh_arp.o
                                 0x7c (size before relaxing)
 .eh_frame      0x00122290       0x2c binaries/xsh_cat.o
                                 0x58 (size before relaxing)
 .eh_frame      0x001222bc       0x28 binaries/xsh_clear.o
                                 0x54 (size before relaxing)
 .eh_frame      0x001222e4       0x2c binaries/xsh_date.o
                                 0x58 (size before relaxing)
 .eh_frame      0x00122310       0x28 binaries/xsh_devdump.o
                                 0x54 (size before relaxing)
 .eh_frame      0x00122338       0x28 binaries/xsh_echo.o
                                 0x54 (size before relaxing)
 .eh_frame      0x00122360       0x20 binaries/xsh_exit.o
                                 0x4c (size before relaxing)
 .eh_frame      0x00122380       0x78 binaries/xsh_hello.o
                                 0xa4 (size before relaxing)
 .eh_frame      0x001223f8       0x2c binaries/xsh_help.o
                                 0x58 (size before relaxing)
 .eh_frame      0x00122424       0x2c binaries/xsh_kill.o
                                 0x58 (size before relaxing)
 .eh_frame      0x00122450       0x30 binaries/xsh_ls.o
                                 0x5c (size before relaxing)
 .eh_frame      0x00122480       0x50 binaries/xsh_memdump.o
                                 0x90 (size before relaxing)
 .eh_frame      0x001224d0       0x7c binaries/xsh_memstat.o
                                 0xa8 (size before relaxing)
 .eh_frame      0x0012254c       0x30 binaries/xsh_netinfo.o
                                 0x5c (size before relaxing)
 .eh_frame      0x0012257c       0x30 binaries/xsh_ns.o
                                 0x5c (size before relaxing)
 .eh_frame      0x001225ac       0x30 binaries/xsh_ping.o
                                 0x5c (size before relaxing)
 .eh_frame      0x001225dc       0x30 binaries/xsh_ps.o
                                 0x5c (size before relaxing)
 .eh_frame      0x0012260c       0x2c binaries/xsh_sleep.o
                                 0x58 (size before relaxing)
 .eh_frame      0x00122638       0x30 binaries/xsh_tee.o
                                 0x5c (size before relaxing)
 .eh_frame      0x00122668       0x2c binaries/xsh_udpdump.o
                                 0x58 (size before relaxing)
 .eh_frame      0x00122694       0x30 binaries/xsh_udpecho.o
                                 0x5c (size before relaxing)
 .eh_frame      0x001226c4       0x30 binaries/xsh_udpserver.o
                                 0x5c (size before relaxing)
 .eh_frame      0x001226f4       0x2c binaries/xsh_uptime.o
                                 0x58 (size before relaxing)

.iplt           0x00122720        0x0
 .iplt          0x00122720        0x0 binaries/start.o

.rel.dyn        0x00122720        0x0
 .rel.got       0x00122720        0x0 binaries/start.o
 .rel.iplt      0x00122720        0x0 binaries/start.o
 .rel.text      0x00122720        0x0 binaries/start.o

.data           0x00122720     0x18e0
                0x00122720                        data = ABSOLUTE (.)
 *(.data .data.*)
 .data          0x00122720      0x460 binaries/start.o
                0x00122720                gdt
                0x00122760                gdtr
                0x00122766                idt
                0x00122b66                idtr
                0x00122b6c                cpudelay
                0x00122b70                _bootdev
                0x00122b74                _cyloffset
 .data          0x00122b80        0x0 binaries/ascdate.o
 .data.rel.local
                0x00122b80       0x88 binaries/ascdate.o
                0x00122b80                Date
 .data          0x00122c08        0x0 binaries/bufinit.o
 .data          0x00122c08        0x0 binaries/chprio.o
 .data          0x00122c08        0x4 binaries/clkhandler.o
 .data          0x00122c0c        0x0 binaries/clkinit.o
 .data          0x00122c0c        0x0 binaries/close.o
 .data          0x00122c0c        0x0 binaries/conf.o
 *fill*         0x00122c0c       0x14 
 .data.rel      0x00122c20      0x7f8 binaries/conf.o
                0x00122c20                devtab
 .data          0x00123418        0x0 binaries/control.o
 .data          0x00123418        0x4 binaries/create.o
 .data          0x0012341c        0x0 binaries/evec.o
 *fill*         0x0012341c        0x4 
 .data.rel.local
                0x00123420       0x40 binaries/evec.o
                0x00123420                inames
 .data          0x00123460        0x0 binaries/exit.o
 .data          0x00123460        0x0 binaries/freebuf.o
 .data          0x00123460        0x0 binaries/freemem.o
 .data          0x00123460        0x0 binaries/getbuf.o
 .data          0x00123460        0x0 binaries/getc.o
 .data          0x00123460        0x0 binaries/getdev.o
 .data          0x00123460        0x0 binaries/getitem.o
 .data          0x00123460        0x0 binaries/getmem.o
 .data          0x00123460        0x0 binaries/getpid.o
 .data          0x00123460        0x0 binaries/getprio.o
 .data          0x00123460        0x0 binaries/getstk.o
 .data          0x00123460        0x0 binaries/getticks.o
 .data          0x00123460        0x0 binaries/gettime.o
 .data          0x00123460        0x0 binaries/getutime.o
 .data          0x00123460       0x40 binaries/i386.o
                0x00123460                gdt_copy
 .data          0x001234a0        0x0 binaries/init.o
 .data          0x001234a0        0x0 binaries/initialize.o
 .data          0x001234a0        0x0 binaries/insert.o
 .data          0x001234a0        0x0 binaries/insertd.o
 .data          0x001234a0        0x0 binaries/ioerr.o
 .data          0x001234a0        0x0 binaries/ionull.o
 .data          0x001234a0        0x0 binaries/kill.o
 .data          0x001234a0        0x0 binaries/kprintf.o
 .data          0x001234a0        0x0 binaries/main.o
 .data          0x001234a0        0x0 binaries/mark.o
 .data          0x001234a0        0x0 binaries/meminit.o
 .data          0x001234a0        0x0 binaries/mkbufpool.o
 .data          0x001234a0        0x2 binaries/newqueue.o
 .data          0x001234a2        0x0 binaries/open.o
 .data          0x001234a2        0x0 binaries/panic.o
 *fill*         0x001234a2        0x2 
 .data          0x001234a4       0x10 binaries/pci.o
 .data          0x001234b4        0x0 binaries/ptclear.o
 .data          0x001234b4        0x0 binaries/ptcount.o
 .data          0x001234b4        0x0 binaries/ptcreate.o
 .data          0x001234b4        0x0 binaries/ptdelete.o
 .data          0x001234b4        0x0 binaries/ptinit.o
 .data          0x001234b4        0x0 binaries/ptrecv.o
 .data          0x001234b4        0x0 binaries/ptreset.o
 .data          0x001234b4        0x0 binaries/ptsend.o
 .data          0x001234b4        0x0 binaries/putc.o
 .data          0x001234b4        0x0 binaries/queue.o
 .data          0x001234b4        0x0 binaries/read.o
 .data          0x001234b4        0x0 binaries/ready.o
 .data          0x001234b4        0x0 binaries/receive.o
 .data          0x001234b4        0x0 binaries/recvclr.o
 .data          0x001234b4        0x0 binaries/recvtime.o
 .data          0x001234b4        0x0 binaries/resched.o
 .data          0x001234b4        0x0 binaries/resume.o
 .data          0x001234b4        0x0 binaries/seek.o
 .data          0x001234b4        0x0 binaries/semcount.o
 .data          0x001234b4        0x0 binaries/semcreate.o
 .data          0x001234b4        0x0 binaries/semdelete.o
 .data          0x001234b4        0x0 binaries/semreset.o
 .data          0x001234b4        0x0 binaries/send.o
 .data          0x001234b4        0x0 binaries/signal.o
 .data          0x001234b4        0x0 binaries/signaln.o
 .data          0x001234b4        0x0 binaries/sleep.o
 .data          0x001234b4        0x0 binaries/stacktrace.o
 .data          0x001234b4        0x0 binaries/suspend.o
 .data          0x001234b4        0x0 binaries/unsleep.o
 .data          0x001234b4        0x0 binaries/userret.o
 .data          0x001234b4        0x0 binaries/wait.o
 .data          0x001234b4        0x0 binaries/wakeup.o
 .data          0x001234b4        0x0 binaries/write.o
 .data          0x001234b4        0x0 binaries/xdone.o
 .data          0x001234b4        0x0 binaries/yield.o
 .data          0x001234b4        0x0 binaries/abs.o
 .data          0x001234b4        0x0 binaries/atoi.o
 .data          0x001234b4        0x0 binaries/atol.o
 .data          0x001234b4        0x0 binaries/bzero.o
 .data          0x001234b4        0x0 binaries/ctype_.o
 .data          0x001234b4        0x0 binaries/doprnt.o
 *fill*         0x001234b4        0xc 
 .data          0x001234c0       0x80 binaries/doscan.o
                0x001234c0                _sctab
 .data          0x00123540        0x0 binaries/fdoprnt.o
 .data          0x00123540        0x0 binaries/fgetc.o
 .data          0x00123540        0x0 binaries/fgets.o
 .data          0x00123540        0x0 binaries/fprintf.o
 .data          0x00123540        0x0 binaries/fputc.o
 .data          0x00123540        0x0 binaries/fputs.o
 .data          0x00123540        0x0 binaries/fscanf.o
 .data          0x00123540        0x0 binaries/getchar.o
 .data          0x00123540        0x0 binaries/labs.o
 .data          0x00123540        0x0 binaries/memcmp.o
 .data          0x00123540        0x0 binaries/memcpy.o
 .data          0x00123540        0x0 binaries/memset.o
 .data          0x00123540        0x0 binaries/printf.o
 .data          0x00123540        0x0 binaries/putchar.o
 .data          0x00123540        0x0 binaries/qsort.o
 .data          0x00123540        0x4 binaries/rand.o
 .data          0x00123544        0x0 binaries/sprintf.o
 .data          0x00123544        0x0 binaries/sscanf.o
 .data          0x00123544        0x0 binaries/strchr.o
 .data          0x00123544        0x0 binaries/strcmp.o
 .data          0x00123544        0x0 binaries/strcpy.o
 .data          0x00123544        0x0 binaries/strlen.o
 .data          0x00123544        0x0 binaries/strncat.o
 .data          0x00123544        0x0 binaries/strncmp.o
 .data          0x00123544        0x0 binaries/strncpy.o
 .data          0x00123544        0x0 binaries/strnlen.o
 .data          0x00123544        0x0 binaries/strrchr.o
 .data          0x00123544        0x0 binaries/strstr.o
 .data          0x00123544        0x0 binaries/ttycontrol.o
 .data          0x00123544        0x0 binaries/ttygetc.o
 .data          0x00123544        0x0 binaries/ttyhandle_in.o
 .data          0x00123544        0x0 binaries/ttyhandle_out.o
 .data          0x00123544        0x0 binaries/ttyhandler.o
 .data          0x00123544        0x0 binaries/ttyinit.o
 .data          0x00123544        0x0 binaries/ttykickout.o
 .data          0x00123544        0x0 binaries/ttyputc.o
 .data          0x00123544        0x0 binaries/ttyread.o
 .data          0x00123544        0x0 binaries/ttywrite.o
 .data          0x00123544        0x0 binaries/mount.o
 .data          0x00123544        0x0 binaries/naminit.o
 .data          0x00123544        0x0 binaries/nammap.o
 .data          0x00123544        0x0 binaries/namopen.o
 .data          0x00123544        0x0 binaries/82545EMInit.o
 .data          0x00123544        0x0 binaries/ethcontrol.o
 .data          0x00123544        0x0 binaries/ethhandler.o
 .data          0x00123544        0x0 binaries/ethinit.o
 .data          0x00123544        0x0 binaries/ethread.o
 .data          0x00123544        0x0 binaries/ethwrite.o
 .data          0x00123544        0x0 binaries/rdsars.o
 .data          0x00123544        0x0 binaries/rdscomm.o
 .data          0x00123544        0x0 binaries/rdscontrol.o
 .data          0x00123544        0x0 binaries/rdsinit.o
 .data          0x00123544        0x0 binaries/rdsopen.o
 .data          0x00123544        0x0 binaries/rdsprocess.o
 .data          0x00123544        0x0 binaries/rdsqfcns.o
 .data          0x00123544        0x0 binaries/rdsread.o
 .data          0x00123544        0x0 binaries/rdswrite.o
 .data          0x00123544        0x0 binaries/ramclose.o
 .data          0x00123544        0x0 binaries/raminit.o
 .data          0x00123544        0x0 binaries/ramopen.o
 .data          0x00123544        0x0 binaries/ramread.o
 .data          0x00123544        0x0 binaries/ramwrite.o
 .data          0x00123544        0x0 binaries/lfdballoc.o
 .data          0x00123544        0x0 binaries/lfdbfree.o
 .data          0x00123544        0x0 binaries/lfflush.o
 .data          0x00123544        0x0 binaries/lfgetmode.o
 .data          0x00123544        0x0 binaries/lfiballoc.o
 .data          0x00123544        0x0 binaries/lfibclear.o
 .data          0x00123544        0x0 binaries/lfibget.o
 .data          0x00123544        0x0 binaries/lfibput.o
 .data          0x00123544        0x0 binaries/lflclose.o
 .data          0x00123544        0x0 binaries/lflcontrol.o
 .data          0x00123544        0x0 binaries/lflgetc.o
 .data          0x00123544        0x0 binaries/lflinit.o
 .data          0x00123544        0x0 binaries/lflputc.o
 .data          0x00123544        0x0 binaries/lflread.o
 .data          0x00123544        0x0 binaries/lflseek.o
 .data          0x00123544        0x0 binaries/lflwrite.o
 .data          0x00123544        0x0 binaries/lfscheck.o
 .data          0x00123544        0x0 binaries/lfsckfmt.o
 .data          0x00123544        0x0 binaries/lfscreate.o
 .data          0x00123544        0x0 binaries/lfsetup.o
 .data          0x00123544        0x0 binaries/lfsinit.o
 .data          0x00123544        0x0 binaries/lfsopen.o
 .data          0x00123544        0x0 binaries/lftruncate.o
 .data          0x00123544        0x0 binaries/rflclose.o
 .data          0x00123544        0x0 binaries/rflgetc.o
 .data          0x00123544        0x0 binaries/rflinit.o
 .data          0x00123544        0x0 binaries/rflputc.o
 .data          0x00123544        0x0 binaries/rflread.o
 .data          0x00123544        0x0 binaries/rflseek.o
 .data          0x00123544        0x0 binaries/rflwrite.o
 .data          0x00123544        0x0 binaries/rfscomm.o
 .data          0x00123544        0x0 binaries/rfscontrol.o
 .data          0x00123544        0x0 binaries/rfsgetmode.o
 .data          0x00123544        0x0 binaries/rfsinit.o
 .data          0x00123544        0x0 binaries/rfsndmsg.o
 .data          0x00123544        0x0 binaries/rfsopen.o
 .data          0x00123544        0x0 binaries/pipe_close.o
 .data          0x00123544        0x0 binaries/pipe_getc.o
 .data          0x00123544        0x0 binaries/pipe_init.o
 .data          0x00123544        0x0 binaries/pipe_open.o
 .data          0x00123544        0x0 binaries/pipe_putc.o
 .data          0x00123544        0x0 binaries/pipe_read.o
 .data          0x00123544        0x0 binaries/pipe_write.o
 .data          0x00123544        0x0 binaries/arp.o
 .data          0x00123544        0x0 binaries/dhcp.o
 .data          0x00123544        0x0 binaries/dns.o
 .data          0x00123544        0x0 binaries/dot2ip.o
 .data          0x00123544        0x0 binaries/hexdump.o
 .data          0x00123544        0x4 binaries/icmp.o
 .data          0x00123548        0x0 binaries/ip.o
 .data          0x00123548        0x0 binaries/net.o
 .data          0x00123548        0x0 binaries/pdump.o
 .data          0x00123548        0x0 binaries/tftp.o
 .data          0x00123548        0x4 binaries/udp.o
 .data          0x0012354c        0x0 binaries/addargs.o
 .data          0x0012354c        0x0 binaries/lexan.o
 .data          0x0012354c        0x4 binaries/shell.o
                0x0012354c                ncmd
 *fill*         0x00123550       0x10 
 .data.rel.ro   0x00123560       0xc0 binaries/shell.o
                0x00123560                cmdtab
 .data          0x00123620        0x0 binaries/xsh_argecho.o
 .data          0x00123620        0x0 binaries/xsh_arp.o
 .data          0x00123620        0x0 binaries/xsh_cat.o
 .data          0x00123620        0x0 binaries/xsh_clear.o
 .data          0x00123620        0x0 binaries/xsh_date.o
 .data          0x00123620        0x0 binaries/xsh_devdump.o
 .data          0x00123620        0x0 binaries/xsh_echo.o
 .data          0x00123620        0x0 binaries/xsh_exit.o
 .data          0x00123620        0x0 binaries/xsh_hello.o
 .data          0x00123620        0x0 binaries/xsh_help.o
 .data          0x00123620        0x0 binaries/xsh_kill.o
 .data          0x00123620        0x0 binaries/xsh_ls.o
 .data          0x00123620        0x0 binaries/xsh_memdump.o
 .data          0x00123620        0x0 binaries/xsh_memstat.o
 .data          0x00123620        0x0 binaries/xsh_netinfo.o
 .data          0x00123620       0x20 binaries/xsh_ns.o
 .data          0x00123640        0x0 binaries/xsh_ping.o
 .data          0x00123640       0x20 binaries/xsh_ps.o
 .data          0x00123660        0x0 binaries/xsh_sleep.o
 .data          0x00123660        0x0 binaries/xsh_tee.o
 .data          0x00123660        0x0 binaries/xsh_udpdump.o
 .data          0x00123660        0x0 binaries/xsh_udpecho.o
 .data          0x00123660        0x0 binaries/xsh_udpserver.o
 .data          0x00123660        0x0 binaries/xsh_uptime.o
 .data          0x00123660        0x0 binaries/clkdisp.o
 .data          0x00123660        0x0 binaries/ctxsw.o
 .data          0x00123660        0x0 binaries/intr.o
 .data          0x00123660        0x0 binaries/ttydispatch.o
 .data          0x00123660        0x0 binaries/ethdispatch.o
                0x00123660                        edata = ABSOLUTE (.)
                0x00123660                        _edata = ABSOLUTE (.)
                0x00124000                        . = ALIGN (0x1000)
 *fill*         0x00123660      0x9a0 

.got            0x00124000        0x0
 .got           0x00124000        0x0 binaries/start.o

.got.plt        0x00124000        0xc
 .got.plt       0x00124000        0xc binaries/start.o
                0x00124000                _GLOBAL_OFFSET_TABLE_

.igot.plt       0x0012400c        0x0
 .igot.plt      0x0012400c        0x0 binaries/start.o

.bss            0x00124020    0x23fe0
                0x00124020                        bss = ABSOLUTE (.)
 *(.bss .bss.*)
 .bss           0x00124020        0x0 binaries/start.o
 .bss           0x00124020        0x0 binaries/ascdate.o
 .bss           0x00124020       0xa4 binaries/bufinit.o
                0x00124020                buftab
                0x001240c0                nbpools
 .bss           0x001240c4        0x0 binaries/chprio.o
 .bss           0x001240c4        0x0 binaries/clkhandler.o
 .bss           0x001240c4       0x10 binaries/clkinit.o
                0x001240c4                clktime
                0x001240c8                ctr1000
                0x001240cc                sleepq
                0x001240d0                preempt
 .bss           0x001240d4        0x0 binaries/close.o
 .bss           0x001240d4        0x0 binaries/conf.o
 .bss           0x001240d4        0x0 binaries/control.o
 .bss           0x001240d4        0x0 binaries/create.o
 .bss           0x001240d4        0x8 binaries/evec.o
                0x001240d4                girmask
 .bss           0x001240dc        0x0 binaries/exit.o
 .bss           0x001240dc        0x0 binaries/freebuf.o
 .bss           0x001240dc        0x0 binaries/freemem.o
 .bss           0x001240dc        0x0 binaries/getbuf.o
 .bss           0x001240dc        0x0 binaries/getc.o
 .bss           0x001240dc        0x0 binaries/getdev.o
 .bss           0x001240dc        0x0 binaries/getitem.o
 .bss           0x001240dc        0x0 binaries/getmem.o
 .bss           0x001240dc        0x0 binaries/getpid.o
 .bss           0x001240dc        0x0 binaries/getprio.o
 .bss           0x001240dc        0x0 binaries/getstk.o
 .bss           0x001240dc        0x0 binaries/getticks.o
 .bss           0x001240dc        0x0 binaries/gettime.o
 .bss           0x001240dc        0x0 binaries/getutime.o
 .bss           0x001240dc        0x4 binaries/i386.o
                0x001240dc                initsp
 .bss           0x001240e0        0x0 binaries/init.o
 .bss           0x001240e0     0x1aa0 binaries/initialize.o
                0x001240e0                proctab
                0x001256c0                semtab
                0x00125b70                memlist
                0x00125b78                prcount
                0x00125b7c                currpid
 .bss           0x00125b80        0x0 binaries/insert.o
 .bss           0x00125b80        0x0 binaries/insertd.o
 .bss           0x00125b80        0x0 binaries/ioerr.o
 .bss           0x00125b80        0x0 binaries/ionull.o
 .bss           0x00125b80        0x0 binaries/kill.o
 .bss           0x00125b80        0x0 binaries/kprintf.o
 .bss           0x00125b80        0x0 binaries/main.o
 .bss           0x00125b80       0x58 binaries/mark.o
                0x00125b80                marks
                0x00125bd0                nmarks
                0x00125bd4                mkmutex
 .bss           0x00125bd8        0x8 binaries/meminit.o
                0x00125bd8                minheap
                0x00125bdc                maxheap
 .bss           0x00125be0        0x0 binaries/mkbufpool.o
 .bss           0x00125be0        0x0 binaries/newqueue.o
 .bss           0x00125be0        0x0 binaries/open.o
 .bss           0x00125be0        0x0 binaries/panic.o
 .bss           0x00125be0        0xc binaries/pci.o
 .bss           0x00125bec        0x0 binaries/ptclear.o
 .bss           0x00125bec        0x0 binaries/ptcount.o
 .bss           0x00125bec        0x0 binaries/ptcreate.o
 .bss           0x00125bec        0x0 binaries/ptdelete.o
 *fill*         0x00125bec       0x14 
 .bss           0x00125c00      0x2f4 binaries/ptinit.o
                0x00125c00                ptfree
                0x00125c20                porttab
                0x00125ef0                ptnextid
 .bss           0x00125ef4        0x0 binaries/ptrecv.o
 .bss           0x00125ef4        0x0 binaries/ptreset.o
 .bss           0x00125ef4        0x0 binaries/ptsend.o
 .bss           0x00125ef4        0x0 binaries/putc.o
 *fill*         0x00125ef4        0xc 
 .bss           0x00125f00      0x980 binaries/queue.o
                0x00125f00                queuetab
 .bss           0x00126880        0x0 binaries/read.o
 .bss           0x00126880        0x2 binaries/ready.o
                0x00126880                readylist
 .bss           0x00126882        0x0 binaries/receive.o
 .bss           0x00126882        0x0 binaries/recvclr.o
 .bss           0x00126882        0x0 binaries/recvtime.o
 *fill*         0x00126882        0x2 
 .bss           0x00126884        0x8 binaries/resched.o
                0x00126884                Defer
 .bss           0x0012688c        0x0 binaries/resume.o
 .bss           0x0012688c        0x0 binaries/seek.o
 .bss           0x0012688c        0x0 binaries/semcount.o
 .bss           0x0012688c        0x4 binaries/semcreate.o
 .bss           0x00126890        0x0 binaries/semdelete.o
 .bss           0x00126890        0x0 binaries/semreset.o
 .bss           0x00126890        0x0 binaries/send.o
 .bss           0x00126890        0x0 binaries/signal.o
 .bss           0x00126890        0x0 binaries/signaln.o
 .bss           0x00126890        0x0 binaries/sleep.o
 .bss           0x00126890        0x0 binaries/stacktrace.o
 .bss           0x00126890        0x0 binaries/suspend.o
 .bss           0x00126890        0x0 binaries/unsleep.o
 .bss           0x00126890        0x0 binaries/userret.o
 .bss           0x00126890        0x0 binaries/wait.o
 .bss           0x00126890        0x0 binaries/wakeup.o
 .bss           0x00126890        0x0 binaries/write.o
 .bss           0x00126890        0x0 binaries/xdone.o
 .bss           0x00126890        0x0 binaries/yield.o
 .bss           0x00126890        0x0 binaries/abs.o
 .bss           0x00126890        0x0 binaries/atoi.o
 .bss           0x00126890        0x0 binaries/atol.o
 .bss           0x00126890        0x0 binaries/bzero.o
 .bss           0x00126890        0x0 binaries/ctype_.o
 .bss           0x00126890        0x0 binaries/doprnt.o
 .bss           0x00126890        0x0 binaries/doscan.o
 .bss           0x00126890        0x0 binaries/fdoprnt.o
 .bss           0x00126890        0x0 binaries/fgetc.o
 .bss           0x00126890        0x0 binaries/fgets.o
 .bss           0x00126890        0x0 binaries/fprintf.o
 .bss           0x00126890        0x0 binaries/fputc.o
 .bss           0x00126890        0x0 binaries/fputs.o
 .bss           0x00126890        0x0 binaries/fscanf.o
 .bss           0x00126890        0x0 binaries/getchar.o
 .bss           0x00126890        0x0 binaries/labs.o
 .bss           0x00126890        0x0 binaries/memcmp.o
 .bss           0x00126890        0x0 binaries/memcpy.o
 .bss           0x00126890        0x0 binaries/memset.o
 .bss           0x00126890        0x0 binaries/printf.o
 .bss           0x00126890        0x0 binaries/putchar.o
 .bss           0x00126890        0x8 binaries/qsort.o
 .bss           0x00126898        0x0 binaries/rand.o
 .bss           0x00126898        0x0 binaries/sprintf.o
 .bss           0x00126898        0x0 binaries/sscanf.o
 .bss           0x00126898        0x0 binaries/strchr.o
 .bss           0x00126898        0x0 binaries/strcmp.o
 .bss           0x00126898        0x0 binaries/strcpy.o
 .bss           0x00126898        0x0 binaries/strlen.o
 .bss           0x00126898        0x0 binaries/strncat.o
 .bss           0x00126898        0x0 binaries/strncmp.o
 .bss           0x00126898        0x0 binaries/strncpy.o
 .bss           0x00126898        0x0 binaries/strnlen.o
 .bss           0x00126898        0x0 binaries/strrchr.o
 .bss           0x00126898        0x0 binaries/strstr.o
 .bss           0x00126898        0x0 binaries/ttycontrol.o
 .bss           0x00126898        0x0 binaries/ttygetc.o
 .bss           0x00126898        0x0 binaries/ttyhandle_in.o
 .bss           0x00126898        0x0 binaries/ttyhandle_out.o
 .bss           0x00126898        0x0 binaries/ttyhandler.o
 *fill*         0x00126898        0x8 
 .bss           0x001268a0      0x110 binaries/ttyinit.o
                0x001268a0                ttytab
 .bss           0x001269b0        0x0 binaries/ttykickout.o
 .bss           0x001269b0        0x0 binaries/ttyputc.o
 .bss           0x001269b0        0x0 binaries/ttyread.o
 .bss           0x001269b0        0x0 binaries/ttywrite.o
 .bss           0x001269b0        0x0 binaries/mount.o
 *fill*         0x001269b0       0x10 
 .bss           0x001269c0     0x5204 binaries/naminit.o
                0x001269c0                nametab
                0x0012bbc0                nnames
 .bss           0x0012bbc4        0x0 binaries/nammap.o
 .bss           0x0012bbc4        0x0 binaries/namopen.o
 .bss           0x0012bbc4        0x0 binaries/82545EMInit.o
 .bss           0x0012bbc4        0x0 binaries/ethcontrol.o
 .bss           0x0012bbc4        0x0 binaries/ethhandler.o
 *fill*         0x0012bbc4       0x1c 
 .bss           0x0012bbe0      0x130 binaries/ethinit.o
                0x0012bbe0                ethertab
 .bss           0x0012bd10        0x0 binaries/ethread.o
 .bss           0x0012bd10        0x0 binaries/ethwrite.o
 .bss           0x0012bd10        0x0 binaries/rdsars.o
 .bss           0x0012bd10        0x0 binaries/rdscomm.o
 .bss           0x0012bd10        0x0 binaries/rdscontrol.o
 *fill*         0x0012bd10       0x10 
 .bss           0x0012bd20      0x6c0 binaries/rdsinit.o
                0x0012bd20                rdstab
 .bss           0x0012c3e0        0x0 binaries/rdsopen.o
 .bss           0x0012c3e0        0x0 binaries/rdsprocess.o
 .bss           0x0012c3e0        0x0 binaries/rdsqfcns.o
 .bss           0x0012c3e0        0x0 binaries/rdsread.o
 .bss           0x0012c3e0        0x0 binaries/rdswrite.o
 .bss           0x0012c3e0        0x0 binaries/ramclose.o
 .bss           0x0012c3e0    0x19000 binaries/raminit.o
                0x0012c3e0                Ram
 .bss           0x001453e0        0x0 binaries/ramopen.o
 .bss           0x001453e0        0x0 binaries/ramread.o
 .bss           0x001453e0        0x0 binaries/ramwrite.o
 .bss           0x001453e0        0x0 binaries/lfdballoc.o
 .bss           0x001453e0        0x0 binaries/lfdbfree.o
 .bss           0x001453e0        0x0 binaries/lfflush.o
 .bss           0x001453e0        0x0 binaries/lfgetmode.o
 .bss           0x001453e0        0x0 binaries/lfiballoc.o
 .bss           0x001453e0        0x0 binaries/lfibclear.o
 .bss           0x001453e0        0x0 binaries/lfibget.o
 .bss           0x001453e0        0x0 binaries/lfibput.o
 .bss           0x001453e0        0x0 binaries/lflclose.o
 .bss           0x001453e0        0x0 binaries/lflcontrol.o
 .bss           0x001453e0        0x0 binaries/lflgetc.o
 .bss           0x001453e0      0xf00 binaries/lflinit.o
                0x001453e0                lfltab
 .bss           0x001462e0        0x0 binaries/lflputc.o
 .bss           0x001462e0        0x0 binaries/lflread.o
 .bss           0x001462e0        0x0 binaries/lflseek.o
 .bss           0x001462e0        0x0 binaries/lflwrite.o
 .bss           0x001462e0        0x0 binaries/lfscheck.o
 .bss           0x001462e0        0x0 binaries/lfsckfmt.o
 .bss           0x001462e0        0x0 binaries/lfscreate.o
 .bss           0x001462e0        0x0 binaries/lfsetup.o
 .bss           0x001462e0      0x20c binaries/lfsinit.o
                0x001462e0                Lf_data
 .bss           0x001464ec        0x0 binaries/lfsopen.o
 .bss           0x001464ec        0x0 binaries/lftruncate.o
 .bss           0x001464ec        0x0 binaries/rflclose.o
 .bss           0x001464ec        0x0 binaries/rflgetc.o
 *fill*         0x001464ec       0x14 
 .bss           0x00146500      0x5a0 binaries/rflinit.o
                0x00146500                rfltab
 .bss           0x00146aa0        0x0 binaries/rflputc.o
 .bss           0x00146aa0        0x0 binaries/rflread.o
 .bss           0x00146aa0        0x0 binaries/rflseek.o
 .bss           0x00146aa0        0x0 binaries/rflwrite.o
 .bss           0x00146aa0        0x0 binaries/rfscomm.o
 .bss           0x00146aa0        0x0 binaries/rfscontrol.o
 .bss           0x00146aa0        0x0 binaries/rfsgetmode.o
 .bss           0x00146aa0       0x18 binaries/rfsinit.o
                0x00146aa0                Rf_data
 .bss           0x00146ab8        0x0 binaries/rfsndmsg.o
 .bss           0x00146ab8        0x0 binaries/rfsopen.o
 .bss           0x00146ab8        0x0 binaries/pipe_close.o